<FirstLevel />

<FirstLevel>
  <SecondLevel
    FirstAttributeName="FirstAttributeValue"
    SecondAttributeName="SecondAttributeValue" />
  <FirstLevel
    WithSome="Attribute" />
</FirstLevel>

<FirstLevel
  WithSome="Attribute" />