<ProjectGuid>{F0CD4EDC-5873-4D81-9458-7CFBA3E49FE5}</ProjectGuid>