<RootNode xmlns="DefaultNamespace" xmlns:n="NNamespace" xmlns:m="MNamespace">
  <FirstLevelNoNamespace/>
  <n:FirstLevelWithNNamespace>
    <m:SecondLevelWithMNamespace FirstAttributeName="FirstAttributeValue" SecondAttributeName="SecondAttributeValue"/>
    <FirstLevelNoNamespace WithSome="Attribute"/>
  </n:FirstLevelWithNNamespace>
</RootNode>