<m:SecondLevelWithMNamespace
  FirstAttributeName="FirstAttributeValue"
  SecondAttributeName="SecondAttributeValue" />