public void Method([Test("Value that needs to { be } escaped")] string p){
    Console.WriteLine("Some code");
}