set
{
    string foo = "foo";
}

set
{
    string bar = "bar";
}