<SecondLevel
  FirstAttributeName="FirstAttributeValue"
  SecondAttributeName="SecondAttributeValue" />