<m:SecondLevelWithNamespace
  FirstAttributeName="FirstAttributeValue"
  SecondAttributeName="SecondAttributeValue" />