public void Method([Test("Value that needs to { be } escaped")] string p){
    // ...
}