/// <summary>
/// Generates a file.
/// </summary>
/// <param name="templateName">The template name use as input.</param>
/// <param name="outputFileHtml">The output html file.</param>
/// <param name="configuration">The configuration to inject.</param>
/// <param name="pages">The pages to inject.</param>
private void GenerateFile(string templateName, string outputFileHtml, Configuration configuration, List<Model.Page> pages)
{
    // ...
}